---
source: crates/ui/tests/resolve_layout_snapshot.rs
expression: resolved
---
ResolvedLayout {
    left_dock: [],
    right_dock: [
        PanelId(
            "export-format",
        ),
        PanelId(
            "engine-preset",
        ),
        PanelId(
            "animation-metadata",
        ),
        PanelId(
            "qa-warnings",
        ),
    ],
    bottom_tray: [
        PanelId(
            "export-log",
        ),
        PanelId(
            "console",
        ),
    ],
    center: Canvas,
    primary_tools: [
        ToolId(
            "hand",
        ),
        ToolId(
            "zoom",
        ),
    ],
    default_tool: ToolId(
        "hand",
    ),
    status_items: [
        StatusItem {
            icon: '\u{eaf0}',
            label: Key {
                key: MsgKey(
                    "workspace.export.status.format",
                ),
                args: [],
            },
        },
        StatusItem {
            icon: '\u{e184}',
            label: Data(
                "0 warnings",
            ),
        },
    ],
}
